[malikov.net/works/rc-gig/index_htm_files/xr_files.txt]
[backblue.gif]
[fade.gif]
[index.html]
[malikov.net/works/rc-gig/index_htm_files/favicon.ico]
[malikov.net/works/rc-gig/index_htm_files/tileicon.png]
[malikov.net/works/rc-gig/index_htm_files/roe.js]
[malikov.net/works/rc-gig/index_htm_files/prs4.js]
[malikov.net/works/rc-gig/index_htm_files/jquery.js]
[malikov.net/works/rc-gig/index_htm_files/mediaelement-and-player.min.js]
[malikov.net/works/rc-gig/index_htm_files/51275.jpg]
[malikov.net/works/rc-gig/index_htm_files/42134.png]
[malikov.net/works/rc-gig/index_htm_files/42268.png]
[malikov.net/works/rc-gig/index_htm_files/40121.png]
[malikov.net/works/rc-gig/index_htm_files/51304.jpg]
[malikov.net/works/rc-gig/index_htm_files/45310.png]
[malikov.net/works/rc-gig/index_htm_files/45311.png]
[malikov.net/works/rc-gig/index_htm_files/54601.png]
[malikov.net/works/rc-gig/index_htm_files/40460.png]
[malikov.net/works/rc-gig/index_htm_files/56251.png]
[malikov.net/works/rc-gig/index_htm_files/40972.png]
[malikov.net/works/rc-gig/index_htm_files/54602.png]
[malikov.net/works/rc-gig/index_htm_files/54603.png]
[malikov.net/works/rc-gig/index_htm_files/54604.png]
[malikov.net/works/rc-gig/index_htm_files/54605.png]
[malikov.net/works/rc-gig/index_htm_files/50366.png]
[malikov.net/works/rc-gig/index_htm_files/41789.png]
[malikov.net/works/rc-gig/index_htm_files/54607.png]
[malikov.net/works/rc-gig/index_htm_files/54608.png]
[malikov.net/works/rc-gig/index_htm_files/41791.png]
[malikov.net/works/rc-gig/index_htm_files/41792.png]
[malikov.net/works/rc-gig/index_htm_files/41793.png]
[malikov.net/works/rc-gig/index_htm_files/41794.png]
[malikov.net/works/rc-gig/index_htm_files/41795.png]
[malikov.net/works/rc-gig/index_htm_files/41796.png]
[malikov.net/works/rc-gig/index_htm_files/54620.png]
[malikov.net/works/rc-gig/index_htm_files/55792.png]
[malikov.net/works/rc-gig/index_htm_files/54465.png]
[malikov.net/works/rc-gig/index_htm_files/54466.png]
[malikov.net/works/rc-gig/index_htm_files/50336.png]
[malikov.net/works/rc-gig/index_htm_files/50204.png]
[malikov.net/works/rc-gig/index_htm_files/54473.png]
[malikov.net/works/rc-gig/index_htm_files/64767.png]
[malikov.net/works/rc-gig/index_htm_files/64768.png]
[malikov.net/works/rc-gig/index_htm_files/49331.png]
[malikov.net/works/rc-gig/index_htm_files/63789.png]
[malikov.net/works/rc-gig/index_htm_files/63790.png]
[malikov.net/works/rc-gig/index_htm_files/63791.png]
[malikov.net/works/rc-gig/index_htm_files/50476.png]
[malikov.net/works/rc-gig/index_htm_files/63794.jpg]
[malikov.net/works/rc-gig/index_htm_files/51608.png]
[malikov.net/works/rc-gig/index_htm_files/49217.png]
[malikov.net/works/rc-gig/index_htm_files/49218.png]
[malikov.net/works/rc-gig/index_htm_files/49219.png]
[malikov.net/works/rc-gig/index_htm_files/49220.png]
[malikov.net/works/rc-gig/index_htm_files/49221.png]
[malikov.net/works/rc-gig/index_htm_files/49222.png]
[malikov.net/works/rc-gig/index_htm_files/54772.png]
[malikov.net/works/rc-gig/index_htm_files/50224.png]
[malikov.net/works/rc-gig/index_htm_files/54781.png]
[malikov.net/works/rc-gig/index_htm_files/54783.png]
[malikov.net/works/rc-gig/index_htm_files/54777.png]
[malikov.net/works/rc-gig/index_htm_files/54778.png]
[malikov.net/works/rc-gig/index_htm_files/54780.png]
[malikov.net/works/rc-gig/index_htm_files/54782.png]
[malikov.net/works/rc-gig/index_htm_files/54774.png]
[malikov.net/works/rc-gig/index_htm_files/54775.png]
[malikov.net/works/rc-gig/index_htm_files/54776.png]
[malikov.net/works/rc-gig/index_htm_files/54779.png]
[malikov.net/works/rc-gig/index_htm_files/54789.png]
[malikov.net/works/rc-gig/index_htm_files/54791.jpg]
[malikov.net/works/rc-gig/index_htm_files/54792.jpg]
[malikov.net/works/rc-gig/index_htm_files/54793.png]
[malikov.net/works/rc-gig/index_htm_files/54848.jpg]
[malikov.net/works/rc-gig/index_htm_files/54795.jpg]
[malikov.net/works/rc-gig/index_htm_files/49429.png]
[malikov.net/works/rc-gig/index_htm_files/51080.png]
[malikov.net/works/rc-gig/index_htm_files/50812.png]
[malikov.net/works/rc-gig/index_htm_files/50813.png]
[malikov.net/works/rc-gig/index_htm_files/50815.png]
[malikov.net/works/rc-gig/index_htm_files/50816.png]
[malikov.net/works/rc-gig/index_htm_files/50817.png]
[malikov.net/works/rc-gig/index_htm_files/50818.png]
[malikov.net/works/rc-gig/index_htm_files/50819.png]
[malikov.net/works/rc-gig/index_htm_files/50820.png]
[malikov.net/works/rc-gig/index_htm_files/50821.png]
[malikov.net/works/rc-gig/index_htm_files/50822.png]
[malikov.net/works/rc-gig/index_htm_files/51419.png]
[malikov.net/works/rc-gig/index_htm_files/50824.png]
[malikov.net/works/rc-gig/index_htm_files/59450.png]
[malikov.net/works/rc-gig/index_htm_files/50829.png]
[malikov.net/works/rc-gig/index_htm_files/50898.png]
[malikov.net/works/rc-gig/index_htm_files/58504.png]
[malikov.net/works/rc-gig/index_htm_files/63848.png]
[malikov.net/works/rc-gig/index_htm_files/54851.jpg]
[malikov.net/works/rc-gig/index_htm_files/54852.jpg]
[malikov.net/works/rc-gig/index_htm_files/54853.jpg]
[malikov.net/works/rc-gig/index_htm_files/54854.png]
[malikov.net/works/rc-gig/index_htm_files/54855.jpg]
[malikov.net/works/rc-gig/index_htm_files/54856.png]
[malikov.net/works/rc-gig/index_htm_files/54857.jpg]
[malikov.net/works/rc-gig/index_htm_files/54979.png]
[malikov.net/works/rc-gig/index_htm_files/54912.png]
[malikov.net/works/rc-gig/index_htm_files/54980.png]
[malikov.net/works/rc-gig/index_htm_files/54917.png]
[malikov.net/works/rc-gig/index_htm_files/51766.png]
[malikov.net/works/rc-gig/index_htm_files/55885.png]
[malikov.net/works/rc-gig/index_htm_files/51771.png]
[malikov.net/works/rc-gig/index_htm_files/51772.png]
[malikov.net/works/rc-gig/index_htm_files/52491.png]
[malikov.net/works/rc-gig/index_htm_files/55889.png]
[malikov.net/works/rc-gig/index_htm_files/55047.png]
[malikov.net/works/rc-gig/index_htm_files/55915.jpg]
[malikov.net/works/rc-gig/index_htm_files/55271.jpg]
[malikov.net/works/rc-gig/index_htm_files/55917.jpg]
[malikov.net/works/rc-gig/index_htm_files/51779.png]
[malikov.net/works/rc-gig/index_htm_files/54572.png]
[malikov.net/works/rc-gig/index_htm_files/64889.png]
[malikov.net/works/rc-gig/index_htm_files/64890.png]
[malikov.net/works/rc-gig/index_htm_files/52102.png]
[malikov.net/works/rc-gig/index_htm_files/52103.png]
[malikov.net/works/rc-gig/index_htm_files/52104.png]
[malikov.net/works/rc-gig/index_htm_files/52105.png]
[malikov.net/works/rc-gig/index_htm_files/52106.png]
[malikov.net/works/rc-gig/index_htm_files/52107.png]
[malikov.net/works/rc-gig/index_htm_files/52186.png]
[malikov.net/works/rc-gig/index_htm_files/52187.png]
[malikov.net/works/rc-gig/index_htm_files/52188.png]
[malikov.net/works/rc-gig/index_htm_files/52189.png]
[malikov.net/works/rc-gig/index_htm_files/52190.png]
[malikov.net/works/rc-gig/index_htm_files/55613.png]
[malikov.net/works/rc-gig/index_htm_files/52192.png]
[malikov.net/works/rc-gig/index_htm_files/64906.png]
[malikov.net/works/rc-gig/index_htm_files/64907.png]
[malikov.net/works/rc-gig/index_htm_files/52344.png]
[malikov.net/works/rc-gig/index_htm_files/64909.png]
[malikov.net/works/rc-gig/index_htm_files/52345.png]
[malikov.net/works/rc-gig/index_htm_files/64911.png]
[malikov.net/works/rc-gig/index_htm_files/64912.png]
[malikov.net/works/rc-gig/index_htm_files/52347.png]
[malikov.net/works/rc-gig/index_htm_files/64914.png]
[malikov.net/works/rc-gig/index_htm_files/64915.png]
[malikov.net/works/rc-gig/index_htm_files/64916.png]
[malikov.net/works/rc-gig/index_htm_files/52353.png]
[malikov.net/works/rc-gig/index_htm_files/64918.png]
[malikov.net/works/rc-gig/index_htm_files/52108.png]
[malikov.net/works/rc-gig/index_htm_files/52109.png]
[malikov.net/works/rc-gig/index_htm_files/52110.png]
[malikov.net/works/rc-gig/index_htm_files/52111.png]
[malikov.net/works/rc-gig/index_htm_files/52112.png]
[malikov.net/works/rc-gig/index_htm_files/52113.png]
[malikov.net/works/rc-gig/index_htm_files/52114.png]
[malikov.net/works/rc-gig/index_htm_files/52115.png]
[malikov.net/works/rc-gig/index_htm_files/53221.png]
[malikov.net/works/rc-gig/index_htm_files/53923.png]
[malikov.net/works/rc-gig/index_htm_files/53222.png]
[malikov.net/works/rc-gig/index_htm_files/53223.png]
[malikov.net/works/rc-gig/index_htm_files/53224.png]
[malikov.net/works/rc-gig/index_htm_files/53061.png]
[malikov.net/works/rc-gig/index_htm_files/53062.png]
[malikov.net/works/rc-gig/index_htm_files/53844.png]
[malikov.net/works/rc-gig/index_htm_files/53845.png]
[malikov.net/works/rc-gig/index_htm_files/54395.png]
[malikov.net/works/rc-gig/index_htm_files/53926.png]
[malikov.net/works/rc-gig/index_htm_files/56948.png]
[malikov.net/works/rc-gig/index_htm_files/53929.png]
[malikov.net/works/rc-gig/index_htm_files/53930.png]
[malikov.net/works/rc-gig/index_htm_files/53931.png]
[malikov.net/works/rc-gig/index_htm_files/53932.png]
[malikov.net/works/rc-gig/index_htm_files/53381.png]
[malikov.net/works/rc-gig/index_htm_files/53382.png]
[malikov.net/works/rc-gig/index_htm_files/53383.png]
[malikov.net/works/rc-gig/index_htm_files/53384.png]
[malikov.net/works/rc-gig/index_htm_files/56758.png]
[malikov.net/works/rc-gig/index_htm_files/56857.png]
[malikov.net/works/rc-gig/index_htm_files/55286.png]
[malikov.net/works/rc-gig/index_htm_files/56452.jpg]
[malikov.net/works/rc-gig/index_htm_files/56760.jpg]
[malikov.net/works/rc-gig/index_htm_files/55289.jpg]
[malikov.net/works/rc-gig/index_htm_files/54010.png]
[malikov.net/works/rc-gig/index_htm_files/57252.png]
[malikov.net/works/rc-gig/index_htm_files/57253.png]
[malikov.net/works/rc-gig/index_htm_files/56191.png]
[malikov.net/works/rc-gig/index_htm_files/53392.png]
[malikov.net/works/rc-gig/index_htm_files/64129.png]
[malikov.net/works/rc-gig/index_htm_files/62478.png]
[malikov.net/works/rc-gig/index_htm_files/64970.jpg]
[malikov.net/works/rc-gig/index_htm_files/54013.png]
[malikov.net/works/rc-gig/index_htm_files/64137.png]
[malikov.net/works/rc-gig/index_htm_files/54017.png]
[malikov.net/works/rc-gig/index_htm_files/57047.png]
[malikov.net/works/rc-gig/index_htm_files/56203.png]
[malikov.net/works/rc-gig/index_htm_files/64145.png]
[malikov.net/works/rc-gig/index_htm_files/56207.png]
[malikov.net/works/rc-gig/index_htm_files/60128.png]
[malikov.net/works/rc-gig/index_htm_files/56648.png]
[malikov.net/works/rc-gig/index_htm_files/56210.png]
[malikov.net/works/rc-gig/index_htm_files/56649.png]
[malikov.net/works/rc-gig/index_htm_files/56653.png]
[malikov.net/works/rc-gig/index_htm_files/56654.png]
[malikov.net/works/rc-gig/index_htm_files/56660.jpg]
[malikov.net/works/rc-gig/index_htm_files/56220.png]
[malikov.net/works/rc-gig/index_htm_files/57155.png]
[malikov.net/works/rc-gig/index_htm_files/56222.png]
[malikov.net/works/rc-gig/index_htm_files/57666.png]
[malikov.net/works/rc-gig/index_htm_files/58006.png]
[malikov.net/works/rc-gig/index_htm_files/57897.png]
[malikov.net/works/rc-gig/index_htm_files/57898.png]
[malikov.net/works/rc-gig/index_htm_files/57899.png]
[malikov.net/works/rc-gig/index_htm_files/57673.png]
[malikov.net/works/rc-gig/index_htm_files/57674.png]
[malikov.net/works/rc-gig/index_htm_files/57675.png]
[malikov.net/works/rc-gig/index_htm_files/57676.png]
[malikov.net/works/rc-gig/index_htm_files/57677.png]
[malikov.net/works/rc-gig/index_htm_files/57678.png]
[malikov.net/works/rc-gig/index_htm_files/60465.png]
[malikov.net/works/rc-gig/index_htm_files/58231.png]
[malikov.net/works/rc-gig/index_htm_files/58116.png]
[malikov.net/works/rc-gig/index_htm_files/58119.png]
[malikov.net/works/rc-gig/index_htm_files/60021.png]
[malikov.net/works/rc-gig/index_htm_files/60022.png]
[malikov.net/works/rc-gig/index_htm_files/60517.png]
[malikov.net/works/rc-gig/index_htm_files/64257.png]
[malikov.net/works/rc-gig/index_htm_files/64258.png]
[malikov.net/works/rc-gig/index_htm_files/64260.png]
[malikov.net/works/rc-gig/index_htm_files/64261.png]
[malikov.net/works/rc-gig/index_htm_files/64263.png]
[malikov.net/works/rc-gig/index_htm_files/64264.png]
[malikov.net/works/rc-gig/index_htm_files/64510.png]
[malikov.net/works/rc-gig/index_htm_files/58568.png]
[malikov.net/works/rc-gig/index_htm_files/58570.png]
[malikov.net/works/rc-gig/index_htm_files/58691.png]
[malikov.net/works/rc-gig/index_htm_files/59659.png]
[malikov.net/works/rc-gig/index_htm_files/58573.png]
[malikov.net/works/rc-gig/index_htm_files/58574.png]
[malikov.net/works/rc-gig/index_htm_files/58575.png]
[malikov.net/works/rc-gig/index_htm_files/58809.png]
[malikov.net/works/rc-gig/index_htm_files/58810.png]
[malikov.net/works/rc-gig/index_htm_files/58812.png]
[malikov.net/works/rc-gig/index_htm_files/58813.png]
[malikov.net/works/rc-gig/index_htm_files/58928.png]
[malikov.net/works/rc-gig/index_htm_files/65111.png]
[malikov.net/works/rc-gig/index_htm_files/58931.png]
[malikov.net/works/rc-gig/index_htm_files/58932.png]
[malikov.net/works/rc-gig/index_htm_files/58933.png]
[malikov.net/works/rc-gig/index_htm_files/59179.png]
[malikov.net/works/rc-gig/index_htm_files/59180.png]
[malikov.net/works/rc-gig/index_htm_files/59181.png]
[malikov.net/works/rc-gig/index_htm_files/59182.png]
[malikov.net/works/rc-gig/index_htm_files/58937.png]
[malikov.net/works/rc-gig/index_htm_files/58938.png]
[malikov.net/works/rc-gig/index_htm_files/58939.png]
[malikov.net/works/rc-gig/index_htm_files/59183.png]
[malikov.net/works/rc-gig/index_htm_files/59184.png]
[malikov.net/works/rc-gig/index_htm_files/59185.png]
[malikov.net/works/rc-gig/index_htm_files/59186.png]
[malikov.net/works/rc-gig/index_htm_files/59187.png]
[malikov.net/works/rc-gig/index_htm_files/59060.png]
[malikov.net/works/rc-gig/index_htm_files/59689.png]
[malikov.net/works/rc-gig/index_htm_files/59062.png]
[malikov.net/works/rc-gig/index_htm_files/59063.png]
[malikov.net/works/rc-gig/index_htm_files/59064.png]
[malikov.net/works/rc-gig/index_htm_files/59302.png]
[malikov.net/works/rc-gig/index_htm_files/59310.png]
[malikov.net/works/rc-gig/index_htm_files/59311.png]
[malikov.net/works/rc-gig/index_htm_files/59312.png]
[malikov.net/works/rc-gig/index_htm_files/59313.png]
[malikov.net/works/rc-gig/index_htm_files/62938.png]
[malikov.net/works/rc-gig/index_htm_files/62939.png]
[malikov.net/works/rc-gig/index_htm_files/61643.png]
[malikov.net/works/rc-gig/index_htm_files/62941.png]
[malikov.net/works/rc-gig/index_htm_files/61645.png]
[malikov.net/works/rc-gig/index_htm_files/61646.png]
[malikov.net/works/rc-gig/index_htm_files/61647.png]
[malikov.net/works/rc-gig/index_htm_files/61648.png]
[malikov.net/works/rc-gig/index_htm_files/54850.png]
[malikov.net/works/rc-gig/index_htm_files/61649.png]
[malikov.net/works/rc-gig/index_htm_files/64686.png]
[malikov.net/works/rc-gig/index_htm_files/61769.png]
[malikov.net/works/rc-gig/index_htm_files/62011.png]
[malikov.net/works/rc-gig/index_htm_files/65150.png]
[malikov.net/works/rc-gig/index_htm_files/64335.png]
[malikov.net/works/rc-gig/index_htm_files/61772.png]
[malikov.net/works/rc-gig/index_htm_files/62954.png]
[malikov.net/works/rc-gig/index_htm_files/63535.png]
[malikov.net/works/rc-gig/index_htm_files/62129.png]
[malikov.net/works/rc-gig/index_htm_files/62130.png]
[malikov.net/works/rc-gig/index_htm_files/62131.png]
[malikov.net/works/rc-gig/index_htm_files/62132.png]
[malikov.net/works/rc-gig/index_htm_files/64687.png]
[malikov.net/works/rc-gig/index_htm_files/62374.png]
[malikov.net/works/rc-gig/index_htm_files/62375.png]
[malikov.net/works/rc-gig/index_htm_files/62376.png]
[malikov.net/works/rc-gig/index_htm_files/62377.png]
[malikov.net/works/rc-gig/index_htm_files/62378.png]
[malikov.net/works/rc-gig/index_htm_files/62379.png]
[malikov.net/works/rc-gig/index_htm_files/51439.png]
[malikov.net/works/rc-gig/index_htm_files/49430.png]
[malikov.net/works/rc-gig/index_htm_files/41747.png]
[malikov.net/works/rc-gig/index.html]
[malikov.net/works/rc-gig/index_htm_files/XaraWDGeneratedHTMLfont1.woff]
[malikov.net/works/rc-gig/index_htm_files/XaraWDGeneratedHTMLfont2.woff]
[malikov.net/works/rc-gig/index_htm_files/XaraWDGeneratedHTMLfont3.woff]
[malikov.net/works/rc-gig/index_htm_files/XaraWDGeneratedHTMLfont4.woff]
[malikov.net/works/rc-gig/index_htm_files/XaraWDEmbeddedHTMLfont4d41d.eot]
[malikov.net/works/rc-gig/index_htm_files/XaraWDGeneratedHTMLfont5.woff]
[malikov.net/works/rc-gig/index_htm_files/XaraWDEmbeddedHTMLfont5d41d.eot]
[malikov.net/works/rc-gig/index_htm_files/XaraWDGeneratedHTMLfont6.woff]
[malikov.net/works/rc-gig/index_htm_files/XaraWDGeneratedHTMLfont7.woff]
[malikov.net/works/rc-gig/index_htm_files/XaraWDEmbeddedHTMLfont7d41d.eot]
[malikov.net/works/rc-gig/index_htm_files/xr_fonts.css]
[malikov.net/works/rc-gig/index_htm_files/xr_fontsie.css]
[malikov.net/works/rc-gig/index_htm_files/03.png]
[malikov.net/works/rc-gig/index_htm_files/04.png]
[malikov.net/works/rc-gig/index_htm_files/0.gif]
[malikov.net/works/rc-gig/index_htm_files/40123.png]
[malikov.net/works/rc-gig/index_htm_files/xr_main.css]
[malikov.net/works/rc-gig/index_htm_files/custom_styles.css]
[malikov.net/works/rc-gig/index_htm_files/xr_text.css]
[malikov.net/works/rc-gig/index_htm_files/ani.css]
[malikov.net/works/rc-gig/index_htm_files/mediaelementplayer.min.css]
[malikov.net/works/rc-gig/index-2.html]
[malikov.net/works/rc-gig/images/closebt-white.svg]
[malikov.net/works/rc-gig/images/closebt.svg]
[malikov.net/works/rc-gig/3-3/3-3_htm_files/xr_files.txt]
[malikov.net/works/rc-gig/3-3/3-3_htm_files/roe.js]
[malikov.net/works/rc-gig/3-3/3-3_htm_files/prs4.js]
[malikov.net/works/rc-gig/3-3/3-3_htm_files/jquery.js]
[malikov.net/works/rc-gig/3-3/3-3_htm_files/36.png]
[malikov.net/works/rc-gig/3-3/3-3_htm_files/9477.png]
[malikov.net/works/rc-gig/3-3/3-3_htm_files/39.png]
[malikov.net/works/rc-gig/3-3/3-3_htm_files/40.png]
[malikov.net/works/rc-gig/3-3/3-3_htm_files/41.png]
[malikov.net/works/rc-gig/3-3/3-3_htm_files/42.png]
[malikov.net/works/rc-gig/3-3/3-3_htm_files/43.png]
[malikov.net/works/rc-gig/3-3/3-3_htm_files/44.png]
[malikov.net/works/rc-gig/3-3/3-3_htm_files/46.png]
[malikov.net/works/rc-gig/3-3/3-3_htm_files/47.png]
[malikov.net/works/rc-gig/3-3/3-3_htm_files/48.png]
[malikov.net/works/rc-gig/3-3/3-3_htm_files/49.png]
[malikov.net/works/rc-gig/3-3/3-3_htm_files/45.png]
[malikov.net/works/rc-gig/3-3/3-3.html]
[malikov.net/works/rc-gig/index_htm_files/64145.png]
[malikov.net/works/rc-gig/index_htm_files/64129.png]
[malikov.net/works/rc-gig/test-1/data/browsersupport.js]
[malikov.net/works/rc-gig/test-1/data/playere8df.js]
[malikov.net/works/rc-gig/test-1/index.html]
[malikov.net/works/rc-gig/3-3/3-3_htm_files/XaraWDGeneratedHTMLfont1.woff]
[malikov.net/works/rc-gig/3-3/3-3_htm_files/XaraWDGeneratedHTMLfont2.woff]
[malikov.net/works/rc-gig/3-3/3-3_htm_files/xr_fonts.css]
[malikov.net/works/rc-gig/3-3/3-3_htm_files/xr_fontsie.css]
[malikov.net/works/rc-gig/3-3/3-3_htm_files/03.png]
[malikov.net/works/rc-gig/3-3/3-3_htm_files/04.png]
[malikov.net/works/rc-gig/3-3/3-3_htm_files/0.gif]
[malikov.net/works/rc-gig/3-3/3-3_htm_files/9473.png]
[malikov.net/works/rc-gig/3-3/3-3_htm_files/xr_main.css]
[malikov.net/works/rc-gig/3-3/3-3_htm_files/custom_styles.css]
[malikov.net/works/rc-gig/3-3/3-3_htm_files/xr_text.css]
[malikov.net/works/rc-gig/3-3/3-3_htm_files/ani.css]
[malikov.net/works/rc-gig/test-1/data/playere8df.js]
