[mosmedspravka.com/index.html]
[backblue.gif]
[fade.gif]
[index.html]
[mosmedspravka.com/feed]
[mosmedspravka.com/wp-content/plugins/jetpack/modules/theme-tools/compat/twentysixteenf0a0.css]
[mosmedspravka.com/wp-includes/css/dist/block-library/style.min5560.css]
[mosmedspravka.com/wp-includes/css/dist/block-library/theme.min5560.css]
[mosmedspravka.com/wp-content/plugins/otw-blog-manager/frontend/css/default5560.css]
[mosmedspravka.com/wp-content/plugins/otw-blog-manager/frontend/css/font-awesome.min5560.css]
[mosmedspravka.com/wp-content/plugins/otw-blog-manager/frontend/css/otw-blog-manager5560.css]
[mosmedspravka.com/wp-content/plugins/otw-blog-manager/frontend/css/otw-grid5560.css]
[mosmedspravka.com/wp-content/plugins/ultimate-form-builder-lite/css/jquery.selectbox2fca.css]
[mosmedspravka.com/wp-content/plugins/ultimate-form-builder-lite/css/frontend2fca.css]
[mosmedspravka.com/wp-content/plugins/jetpack/_inc/genericons/genericons/genericons128b.css]
[mosmedspravka.com/wp-content/themes/twentysixteen/style5560.css]
[mosmedspravka.com/wp-content/themes/twentysixteen/css/blocks905b.css]
[mosmedspravka.com/wp-content/plugins/jetpack/css/jetpackf0a0.css]
[mosmedspravka.com/wp-content/plugins/1and1-wordpress-assistant/js/cookies5560.js]
[mosmedspravka.com/wp-includes/js/jquery/jquery-migrate.min330a.js]
[mosmedspravka.com/wp-content/plugins/otw-blog-manager/frontend/js/jquery.fancybox.min5560.js]
[mosmedspravka.com/wp-content/plugins/otw-blog-manager/frontend/js/jquery.flexslider.min5560.js]
[mosmedspravka.com/wp-content/plugins/otw-blog-manager/frontend/js/jquery.infinitescroll.min5560.js]
[mosmedspravka.com/wp-content/plugins/otw-blog-manager/frontend/js/isotope.pkgd.min5560.js]
[mosmedspravka.com/wp-includes/js/jquery/jqueryb8ff.js]
[mosmedspravka.com/wp-content/plugins/otw-blog-manager/frontend/js/jquery.fitvids5560.js]
[mosmedspravka.com/wp-content/plugins/otw-blog-manager/frontend/js/pixastic.custom.min5560.js]
[mosmedspravka.com/wp-content/plugins/ultimate-form-builder-lite/js/frontend2fca.js]
[mosmedspravka.com/wp-content/plugins/ultimate-form-builder-lite/js/jquery.selectbox-0.2.min2fca.js]
[mosmedspravka.com/wp-content/plugins/jetpack/_inc/build/spin.min4e44.js]
[mosmedspravka.com/wp-content/plugins/jetpack/_inc/build/jquery.spin.min4e44.js]
[mosmedspravka.com/xmlrpc0db0.php]
[mosmedspravka.com/wp-includes/wlwmanifest.xml]
[mosmedspravka.com/wp-json/oembed/1.0/embed3646.json]
[mosmedspravka.com/wp-json/index.html]
[mosmedspravka.com/wp-json/oembed/1.0/embed6f98]
[i0.wp.com/mosmedspravka.com/wp-content/uploads/2019/01/cropped-symbol-of-a-health-heart-icon-PAYRPJ7-27398.jpg]
[i0.wp.com/mosmedspravka.com/wp-content/uploads/2019/01/cropped-symbol-of-a-health-heart-icon-PAYRPJ7-2ff94.jpg]
[i0.wp.com/mosmedspravka.com/wp-content/uploads/2019/01/cropped-symbol-of-a-health-heart-icon-PAYRPJ7-2fd20.jpg]
[i0.wp.com/mosmedspravka.com/wp-content/uploads/2019/02/cropped-logoprova4c55b.png]
[mosmedspravka.com/category/spravki.html]
[mosmedspravka.com/category/spravki/meditsinkie-spravki.html]
[mosmedspravka.com/купить-справку-пнд-и-нд-в-москве-срочно.html]
[mosmedspravka.com/справка-003-в-у-получить-в-москве-официал.html]
[mosmedspravka.com/купить-справку-в-бассейн-в-москве-с-дос.html]
[mosmedspravka.com/купить-справку-о-контактах-в-москве-не.html]
[mosmedspravka.com/купить-справку-002-и-003-в-москве-официально.html]
[mosmedspravka.com/купить-справку-хти-химико-токсиколог.html]
[mosmedspravka.com/купить-справку-046-в-москве-недорого-с-до.html]
[mosmedspravka.com/купить-справку-о-флюорографии-в-москв.html]
[mosmedspravka.com/купить-справку-кэк-в-москве-срочно-нед-2.html]
[mosmedspravka.com/купить-справку-о-кодировании-от-алког.html]
[mosmedspravka.com/купить-справку-о-беременности-в-москв.html]
[mosmedspravka.com/купить-справку-из-травмпункта-в-москв.html]
[mosmedspravka.com/справка-на-маломерные-суда-купить-в-мо.html]
[mosmedspravka.com/купить-справку-донора-402-у-в-москве-с-дос.html]
[mosmedspravka.com/купить-справку-057-у-04-о-госпитализации-в-м.html]
[mosmedspravka.com/category/spravki/справки-для-отдыха.html]
[mosmedspravka.com/купить-справку-070-у-для-получения-путев.html]
[mosmedspravka.com/санаторно-курортная-карта-купить-в-мо.html]
[mosmedspravka.com/купить-справку-076-у-санаторно-курортна-2.html]
[mosmedspravka.com/купить-справку-079-у-для-лагеря-в-москве-с-2.html]
[mosmedspravka.com/купить-справку-082-у-в-москве-для-выезда-з.html]
[mosmedspravka.com/category/spravki/справки-для-работы.html]
[mosmedspravka.com/купить-справку-086-у-без-прохождения-вра-2.html]
[mosmedspravka.com/купить-справку-302-н-в-москве-с-доставкой.html]
[mosmedspravka.com/купить-паспорт-здоровья-и-справку-302-в-м.html]
[mosmedspravka.com/справка-027-у-купить-в-москве-недорого-с-д.html]
[mosmedspravka.com/купить-справку-001-гсу-в-москве-недорого.html]
[mosmedspravka.com/купить-справку-989н-в-москве-без-прохожд.html]
[mosmedspravka.com/справка-для-работы-на-высоте-форма-405-ку.html]
[mosmedspravka.com/category/spravki/справки-для-студентов.html]
[mosmedspravka.com/купить-справку-095-у-в-москве-недорого-с-д.html]
[mosmedspravka.com/купить-освобождение-от-физкультуры-н.html]
[mosmedspravka.com/справка-для-выхода-из-академического.html]
[mosmedspravka.com/category/spravki/справки-для-детей.html]
[mosmedspravka.com/купить-медицинскую-карту-ребенка-в-мо.html]
[mosmedspravka.com/справка-манту-купить-в-москве-без-сдач.html]
[mosmedspravka.com/купить-справку-в-школу-по-болезни-с-дос.html]
[mosmedspravka.com/купить-справку-от-педиатра-в-детский-с.html]
[mosmedspravka.com/справка-в-артек-форма-159-у-02-купить-в-москв.html]
[mosmedspravka.com/category/spravki/справки-по-врачам.html]
[mosmedspravka.com/справка-от-врача-в-свободной-форме-куп.html]
[mosmedspravka.com/купить-справку-от-гинеколога-с-анализ.html]
[mosmedspravka.com/купить-справку-от-фтизиатра-для-детск.html]
[mosmedspravka.com/купить-справку-от-окулиста-ребенку-в-ш.html]
[mosmedspravka.com/купить-справку-от-нарколога-и-психиат.html]
[mosmedspravka.com/купить-справку-от-стоматолога-о-санац.html]
[mosmedspravka.com/купить-справку-от-терапевта-о-состоян.html]
[mosmedspravka.com/купить-справку-от-невролога-в-москве-с.html]
[mosmedspravka.com/купить-справку-от-хирурга-задним-числ.html]
[mosmedspravka.com/купить-справку-от-гастроэнтеролога-в.html]
[mosmedspravka.com/купить-справку-от-травматолога.html]
[mosmedspravka.com/купить-справку-от-аллерголога-в-москв.html]
[mosmedspravka.com/справка-от-психолога-купить-в-москве-с.html]
[mosmedspravka.com/купить-справку-от-лора-в-москве.html]
[mosmedspravka.com/гарантии.html]
[mosmedspravka.com/доставка.html]
[mosmedspravka.com/wp-content/uploads/2019/02/cropped-header01.png]
[mosmedspravka.com/contact-2.html]
[i1.wp.com/mosmedspravka.com/wp-content/uploads/2015/12/img2e4aa.png]
[i0.wp.com/mosmedspravka.com/wp-content/uploads/otwbm/tmb/kypit-spravky-ot-lora_1548766231_120X80_c_c_1_FFFFFF5f14.jpg]
[i1.wp.com/mosmedspravka.com/wp-content/uploads/otwbm/tmb/spravka-ot-psihologa_1548766231_120X80_c_c_1_FFFFFF5f14.jpg]
[i2.wp.com/mosmedspravka.com/wp-content/uploads/otwbm/tmb/spravka-ot-allergologa_1548766230_120X80_c_c_1_FFFFFF5f14.jpg]
[i2.wp.com/mosmedspravka.com/wp-content/uploads/otwbm/tmb/spravka-iz-travmpynkta-1_1548766230_120X80_c_c_1_FFFFFF5f14.jpg]
[i0.wp.com/mosmedspravka.com/wp-content/uploads/otwbm/tmb/kypit-spravky-ot-hiryrga_1548766230_120X80_c_c_1_FFFFFF5f14.jpg]
[mosmedspravka.com/купить-справку-от-дерматолога-в-москв.html]
[i1.wp.com/mosmedspravka.com/wp-content/uploads/otwbm/tmb/spravka-v-shkolu-o-bolezni_1548766228_120X80_c_c_1_FFFFFF5f14.jpg]
[i2.wp.com/mosmedspravka.com/wp-content/uploads/otwbm/tmb/spravka-ot-nevrologa-1_1548766230_120X80_c_c_1_FFFFFF5f14.jpg]
[i0.wp.com/mosmedspravka.com/wp-content/uploads/otwbm/tmb/kypit-spravky-ot-terapevta_1548766230_120X80_c_c_1_FFFFFF5f14.jpg]
[i2.wp.com/mosmedspravka.com/wp-content/uploads/otwbm/tmb/kypit-spravky-ot-stomatologa_1548766230_120X80_c_c_1_FFFFFF5f14.jpg]
[i2.wp.com/mosmedspravka.com/wp-content/uploads/otwbm/tmb/spravka-iz-psihodispansera-kak-smart-obekt-1_1548766229_120X80_c_c_1_FFFFFF5f14.jpg]
[i1.wp.com/mosmedspravki.com/wp-content/uploads/2016/07/iphone-handb904.png]
[i2.wp.com/mosmedspravka.com/wp-content/uploads/2019/02/ICO_METROcab7.png]
[i1.wp.com/mosmedspravka.com/wp-content/uploads/2019/02/phone-ico30d9.jpg]
[i2.wp.com/mosmedspravka.com/wp-content/uploads/2019/02/whatsapp-ico-512cab7.png]
[mosmedspravka.com/tag/выход-из-академ-отпуска.html]
[mosmedspravka.com/tag/карта-ребенка-026-у-2000.html]
[mosmedspravka.com/tag/медицинские-справки.html]
[mosmedspravka.com/tag/справки-для-детей.html]
[mosmedspravka.com/tag/справки-по-врачам.html]
[mosmedspravka.com/tag/санаторная-карта-для-ребенка-076-у.html]
[mosmedspravka.com/tag/санаторно-курортная-карта-076-у.html]
[mosmedspravka.com/tag/справка-001-гс-у-для-госслужбы.html]
[mosmedspravka.com/tag/справка-002-о-у-на-оружие.html]
[mosmedspravka.com/tag/справка-003-в-у-для-прав.html]
[mosmedspravka.com/tag/справка-027-у-выписной-эпикриз.html]
[mosmedspravka.com/tag/справка-046-1.html]
[mosmedspravka.com/tag/справка-057-у-04-о-госпитализации.html]
[mosmedspravka.com/tag/справка-079-у-для-лагеря.html]
[mosmedspravka.com/tag/справка-086-у-для-поступления.html]
[mosmedspravka.com/tag/справка-086-у-для-устройства.html]
[mosmedspravka.com/tag/справка-кэк.html]
[mosmedspravka.com/tag/справка-пнд-и-нд.html]
[mosmedspravka.com/tag/справка-хти.html]
[mosmedspravka.com/tag/справка-в-артек-форма-159-у-02.html]
[mosmedspravka.com/tag/справка-в-бассейн.html]
[mosmedspravka.com/tag/справка-в-детский-сад.html]
[mosmedspravka.com/tag/справка-в-школу-о-болезни.html]
[mosmedspravka.com/tag/справка-для-выезда-за-границу-082-у.html]
[mosmedspravka.com/tag/справка-для-лагеря-079-у.html]
[mosmedspravka.com/tag/справка-для-получения-путевки-070-у.html]
[mosmedspravka.com/tag/справка-для-работы-на-высоте.html]
[mosmedspravka.com/tag/справка-из-травмпункта.html]
[mosmedspravka.com/tag/справка-на-маломерные-суда.html]
[mosmedspravka.com/tag/справка-о-беременности.html]
[mosmedspravka.com/tag/справка-о-кодировании-от-алкоголизма.html]
[mosmedspravka.com/tag/справка-о-контактах.html]
[mosmedspravka.com/tag/справка-от-аллерголога.html]
[mosmedspravka.com/tag/справка-от-гастроэнтеролога.html]
[mosmedspravka.com/tag/справка-от-гинеколога.html]
[mosmedspravka.com/tag/справка-от-дерматолога.html]
[mosmedspravka.com/tag/справка-от-лора.html]
[mosmedspravka.com/tag/справка-от-нарколога-и-психиатра.html]
[mosmedspravka.com/tag/справка-от-окулиста.html]
[mosmedspravka.com/tag/справка-от-педиатра.html]
[mosmedspravka.com/tag/справка-от-терапевта.html]
[mosmedspravka.com/tag/справка-от-травматолога.html]
[mosmedspravka.com/tag/справка-от-фтизиатра.html]
[mosmedspravka.com/tag/справка-от-хирурга.html]
[mosmedspravka.com/tag/справка-о-флюорографии.html]
[mosmedspravka.com/купить-справку-кэк-в-москве-срочно-нед.html]
[mosmedspravka.com/справка-для-академического-отпуска-к.html]
[mosmedspravka.com/купить-справку-в-детский-сад-с-доставк.html]
[mosmedspravka.com/wp-content/uploads/otwbm/skins/otw-bm-list-1-custom5560.css]
[mosmedspravka.com/wp-content/plugins/jetpack/_inc/build/photon/photon.minb3d9.js]
[mosmedspravka.com/wp-content/plugins/otw-blog-manager/frontend/js/script5560.js]
[s0.wp.com/wp-content/js/devicepx-jetpackb66b.js]
[mosmedspravka.com/wp-content/plugins/jetpack/modules/wpgroho5560.js]
[secure.gravatar.com/js/gprofiles1c22.js]
[mosmedspravka.com/wp-content/themes/twentysixteen/js/skip-link-focus-fix8de4.js]
[mosmedspravka.com/wp-content/themes/twentysixteen/js/functions905b.js]
[mosmedspravka.com/wp-content/plugins/jetpack/_inc/build/lazy-images/js/lazy-images.minf0a0.js]
[mosmedspravka.com/wp-content/plugins/jetpack/_inc/build/carousel/jetpack-carousel.mincb8b.js]
[mosmedspravka.com/wp-includes/js/wp-embed.min5560.js]
[mosmedspravka.com/index.html]
[mosmedspravka.com/wp-content/plugins/jetpack/modules/theme-tools/compat/twentysixteenf0a0.css]
[mosmedspravka.com/wp-includes/css/dist/block-library/style.min5560.css]
[mosmedspravka.com/wp-includes/css/dist/block-library/theme.min5560.css]
[mosmedspravka.com/wp-content/plugins/otw-blog-manager/frontend/css/default5560.css]
[stats.wp.com/e-201913.js]
[mosmedspravka.com/wp-content/plugins/otw-blog-manager/frontend/font/fontawesome-webfontf77b.woff]
[mosmedspravka.com/wp-content/plugins/otw-blog-manager/frontend/font/fontawesome-webfontf77b.ttf]
[mosmedspravka.com/wp-content/plugins/otw-blog-manager/frontend/font/fontawesome-webfontf77b.eot]
[mosmedspravka.com/wp-content/plugins/otw-blog-manager/frontend/css/font-awesome.min5560.css]
[mosmedspravka.com/wp-content/plugins/otw-blog-manager/frontend/font/fontawesome-webfont.svg]
[mosmedspravka.com/wp-content/plugins/otw-blog-manager/frontend/images/ajax-loader.gif]
[mosmedspravka.com/wp-content/plugins/otw-blog-manager/frontend/images/arrow-next.png]
[mosmedspravka.com/wp-content/plugins/otw-blog-manager/frontend/font/fontawesome-webfontd41d.eot]
[mosmedspravka.com/wp-content/plugins/otw-blog-manager/frontend/images/arrow-prev.png]
[mosmedspravka.com/wp-content/plugins/otw-blog-manager/frontend/images/fancybox/fancybox_sprite.png]
[mosmedspravka.com/wp-content/plugins/otw-blog-manager/frontend/images/fancybox/fancybox_loading.gif]
[mosmedspravka.com/wp-content/plugins/otw-blog-manager/frontend/images/fancybox/blank.gif]
[mosmedspravka.com/wp-content/plugins/otw-blog-manager/frontend/images/fancybox/fancybox_overlay.png]
[mosmedspravka.com/wp-content/plugins/otw-blog-manager/frontend/images/fancybox/fancybox_sprite@2x.png]
[mosmedspravka.com/wp-content/plugins/otw-blog-manager/frontend/images/fancybox/fancybox_loading@2x.gif]
[mosmedspravka.com/wp-content/plugins/otw-blog-manager/frontend/css/otw-blog-manager5560.css]
[mosmedspravka.com/wp-content/plugins/otw-blog-manager/frontend/css/otw-grid5560.css]
[mosmedspravka.com/wp-content/plugins/ultimate-form-builder-lite/images/select-icons.png]
[mosmedspravka.com/wp-content/plugins/ultimate-form-builder-lite/css/jquery.selectbox2fca.css]
[mosmedspravka.com/wp-content/plugins/ultimate-form-builder-lite/images/ajax-loader.gif]
[mosmedspravka.com/wp-content/plugins/ultimate-form-builder-lite/images/uncheck-radio.png]
[mosmedspravka.com/wp-content/plugins/ultimate-form-builder-lite/images/checked-radio.png]
[mosmedspravka.com/wp-content/plugins/ultimate-form-builder-lite/images/check-box-checked.png]
[mosmedspravka.com/wp-content/plugins/ultimate-form-builder-lite/images/check-box.png]
[mosmedspravka.com/wp-content/plugins/ultimate-form-builder-lite/images/mail.png]
[mosmedspravka.com/wp-content/plugins/ultimate-form-builder-lite/images/option-angle.png]
[mosmedspravka.com/wp-content/plugins/ultimate-form-builder-lite/images/uncheck-radio-bold-border.png]
[mosmedspravka.com/wp-content/plugins/ultimate-form-builder-lite/images/checked-radio-bold-border.png]
[mosmedspravka.com/wp-content/plugins/ultimate-form-builder-lite/images/check-box-checked-bold-border.png]
[mosmedspravka.com/wp-content/plugins/ultimate-form-builder-lite/images/check-box-bod-border.png]
[mosmedspravka.com/wp-content/plugins/ultimate-form-builder-lite/images/uncheck-radio-5.png]
[mosmedspravka.com/wp-content/plugins/ultimate-form-builder-lite/images/checked-radio-5.png]
[mosmedspravka.com/wp-content/plugins/ultimate-form-builder-lite/images/check-box-checked-5.png]
[mosmedspravka.com/wp-content/plugins/ultimate-form-builder-lite/images/check-box-5.png]
[mosmedspravka.com/wp-content/plugins/ultimate-form-builder-lite/images/mail-white.png]
[mosmedspravka.com/wp-content/plugins/ultimate-form-builder-lite/images/option-angle-5.png]
[mosmedspravka.com/wp-content/plugins/ultimate-form-builder-lite/images/option-angle-5-hover.png]
[mosmedspravka.com/wp-content/plugins/ultimate-form-builder-lite/css/frontend2fca.css]
[mosmedspravka.com/wp-content/plugins/jetpack/_inc/genericons/genericons/Genericons.eot]
[mosmedspravka.com/wp-content/plugins/jetpack/_inc/genericons/genericons/Genericonsd41d.eot]
[mosmedspravka.com/wp-content/plugins/jetpack/_inc/genericons/genericons/Genericons.ttf]
[mosmedspravka.com/wp-content/plugins/jetpack/_inc/genericons/genericons/Genericons.svg]
[mosmedspravka.com/wp-content/plugins/jetpack/_inc/genericons/genericons/genericons128b.css]
[mosmedspravka.com/wp-content/themes/twentysixteen/style5560.css]
[mosmedspravka.com/wp-content/themes/twentysixteen/css/blocks905b.css]
[mosmedspravka.com/wp-content/plugins/jetpack/modules/carousel/images/arrows.png]
[mosmedspravka.com/wp-content/plugins/jetpack/modules/carousel/images/arrows-2x.png]
[mosmedspravka.com/wp-content/plugins/jetpack/modules/carousel/images/carousel-spritee4da.png]
[mosmedspravka.com/wp-content/plugins/jetpack/modules/carousel/images/carousel-sprite-2xe4da.png]
[mosmedspravka.com/wp-content/plugins/jetpack/modules/shortcodes/img/slideshow-controls.png]
[mosmedspravka.com/wp-content/plugins/jetpack/modules/shortcodes/img/slideshow-controls-2x.png]
[mosmedspravka.com/wp-content/plugins/jetpack/modules/shortcodes/images/slide-nav.png]
[mosmedspravka.com/wp-content/plugins/jetpack/modules/shortcodes/images/expand.png]
[mosmedspravka.com/wp-content/plugins/jetpack/modules/shortcodes/images/collapse.png]
[secure.gravatar.com/images/grav-share-sprite.png]
[mosmedspravka.com/wp-content/plugins/jetpack/css/jetpackf0a0.css]
[mosmedspravka.com/category/spravki/feed]
[mosmedspravka.com/category/spravki/page/2.html]
[i0.wp.com/mosmedspravka.com/wp-content/uploads/2019/01/kypit-spravky-ot-lora1506.jpg]
[i0.wp.com/medik-pro.com/img/kypit-spravky-ot-lora5f14.jpg]
[i2.wp.com/mosmedspravka.com/wp-content/uploads/2019/01/spravka-ot-psihologa8bcf.jpg]
[i0.wp.com/mosmedspravka.com/wp-content/uploads/2019/01/spravka-ot-allergologab2f0.jpg]
[i2.wp.com/mosmedspravka.com/wp-content/uploads/2019/01/spravka-iz-travmpynkta-17dd3.jpg]
[i1.wp.com/medik-pro.com/img/spravka-iz-travmpynkta5f14.jpg]
[i0.wp.com/mosmedspravka.com/wp-content/uploads/2019/01/kypit-spravky-ot-hiryrgac652.jpg]
[i0.wp.com/medik-pro.com/img/kypit-spravky-ot-hiryrga5f14.jpg]
[i1.wp.com/mosmedspravka.com/wp-content/uploads/2019/01/spravka-v-shkolu-o-bolezni5168.jpg]
[i2.wp.com/mosmedspravka.com/wp-content/uploads/2019/01/spravka-ot-nevrologa-198e8.jpg]
[i0.wp.com/mosmedspravka.com/wp-content/uploads/2019/01/kypit-spravky-ot-terapevta7666.jpg]
[mosmedspravka.com/category/spravki.html]
[mosmedspravka.com/category/spravki/page/6.html]
[mosmedspravka.com/category/spravki/meditsinkie-spravki/feed]
[mosmedspravka.com/category/spravki/meditsinkie-spravki/page/2.html]
[i2.wp.com/mosmedspravka.com/wp-content/uploads/2019/01/kupit-spravku-057-y57ab.jpg]
[i2.wp.com/mosmedspravka.com/wp-content/uploads/2019/01/spravka-donora-kypit5c30.jpg]
[i2.wp.com/mosmedspravka.com/wp-content/uploads/2019/01/spravka-na-malomernie-syda87ea.jpg]
[i2.wp.com/mosmedspravka.com/wp-content/uploads/2019/01/spravka-iz-travmpynkta7dd3.jpg]
[i2.wp.com/mosmedspravka.com/wp-content/uploads/2019/01/spravka-o-beremennosti26b9.jpg]
[i1.wp.com/mosmedspravka.com/wp-content/uploads/2019/01/kypit-spravky-o-kodirovanii6999.jpg]
[i1.wp.com/mosmedspravka.com/wp-content/uploads/2019/01/spravka-zakluchenie-kek2d9b.jpg]
[i0.wp.com/mosmedspravka.com/wp-content/uploads/2019/01/kypit-spravky-o-fluorografiif2a1.jpg]
[i2.wp.com/mosmedspravka.com/wp-content/uploads/2019/01/kypit-spravky-0465a0b.jpg]
[mosmedspravka.com/category/spravki/meditsinkie-spravki.html]
[mosmedspravka.com/wp-content/plugins/jetpack/_inc/social-logos/social-logos.min68b3.css]
[mosmedspravka.com/wp-content/plugins/jetpack/_inc/build/related-posts/related-posts.min5899.js]
[mosmedspravka.com/wp-json/oembed/1.0/embedad3e.json]
[mosmedspravka.com/wp-json/oembed/1.0/embedb469]
[i0.wp.com/mosmedspravka.com/wp-content/uploads/2019/01/spravka-iz-narkodispanserac45a.jpg]
[mosmedspravka.com/tag/академический-отпуск.html]
[mosmedspravka.com/tag/освобождение-от-физкультуры.html]
[mosmedspravka.com/tag/паспорт-здоровья.html]
[mosmedspravka.com/tag/санаторно-курортная-карта-072-у.html]
[mosmedspravka.com/tag/справка-095-у-о-болезни.html]
[mosmedspravka.com/tag/справка-302н-для-устройства.html]
[mosmedspravka.com/tag/справка-989н-для-гостайны.html]
[mosmedspravka.com/tag/справка-в-свободной-форме.html]
[mosmedspravka.com/tag/справка-донора-форма-402-у.html]
[mosmedspravka.com/tag/справка-от-невролога.html]
[mosmedspravka.com/tag/справка-от-психолога.html]
[mosmedspravka.com/tag/справка-от-стоматолога.html]
[mosmedspravka.com/tag/справка-реакция-манту.html]
[mosmedspravka.com/tag/справки-для-отдыха.html]
[mosmedspravka.com/tag/справки-для-работы.html]
[mosmedspravka.com/tag/справки-для-студентов.html]
[mosmedspravka.com/заказать-больничный-лист-официально.html]
[mosmedspravka.com/wp-content/plugins/jetpack/_inc/build/sharedaddy/sharing.minf0a0.js]
[mosmedspravka.com/купить-справку-пнд-и-нд-в-москве-срочно.html]
[mosmedspravka.com/wp-json/oembed/1.0/embed33b0.json]
[mosmedspravka.com/wp-json/oembed/1.0/embedcaa1]
[i2.wp.com/mosmedspravka.com/wp-content/uploads/2019/01/kupit-spravku-003-vu843d.jpg]
[mosmedspravka.com/справка-003-в-у-получить-в-москве-официал.html]
[mosmedspravka.com/wp-json/oembed/1.0/embed5f42.json]
[mosmedspravka.com/wp-json/oembed/1.0/embedb1d8]
[i1.wp.com/mosmedspravka.com/wp-content/uploads/2019/01/kypit-spravky-v-basseyn9e3a.jpg]
[mosmedspravka.com/купить-справку-в-бассейн-в-москве-с-дос.html]
[mosmedspravka.com/wp-json/oembed/1.0/embed0244.json]
[mosmedspravka.com/wp-json/oembed/1.0/embeddd96]
[i2.wp.com/mosmedspravka.com/wp-content/uploads/2019/01/kypit-spravky-o-kontaktah6694.jpg]
[mosmedspravka.com/купить-справку-о-контактах-в-москве-не.html]
[mosmedspravka.com/wp-json/oembed/1.0/embed5961.json]
[mosmedspravka.com/wp-json/oembed/1.0/embeddc4a]
[i1.wp.com/mosmedspravka.com/wp-content/uploads/2019/01/spravka-003-oy84be.jpg]
[i2.wp.com/medik-pro.com/img/kypit-spravky-002-oy5f14.jpg]
[mosmedspravka.com/купить-справку-002-и-003-в-москве-официально.html]
[mosmedspravka.com/wp-json/oembed/1.0/embed8262.json]
[mosmedspravka.com/wp-json/oembed/1.0/embed8cdd]
[i2.wp.com/mosmedspravka.com/wp-content/uploads/2019/01/kypit-spravky-htic5c8.jpg]
[mosmedspravka.com/купить-справку-хти-химико-токсиколог.html]
[mosmedspravka.com/wp-json/oembed/1.0/embedbb58.json]
[mosmedspravka.com/wp-json/oembed/1.0/embed7129]
[mosmedspravka.com/купить-справку-046-в-москве-недорого-с-до.html]
[mosmedspravka.com/wp-json/oembed/1.0/embedc50c.json]
[mosmedspravka.com/wp-json/oembed/1.0/embed7658]
[mosmedspravka.com/купить-справку-о-флюорографии-в-москв.html]
[mosmedspravka.com/wp-json/oembed/1.0/embed6775.json]
[mosmedspravka.com/wp-json/oembed/1.0/embedd6bc]
[mosmedspravka.com/купить-справку-кэк-в-москве-срочно-нед-2.html]
[mosmedspravka.com/wp-json/oembed/1.0/embed3a05.json]
[mosmedspravka.com/wp-json/oembed/1.0/embed1940]
[mosmedspravka.com/купить-справку-о-кодировании-от-алког.html]
[mosmedspravka.com/wp-json/oembed/1.0/embedf699.json]
[mosmedspravka.com/wp-json/oembed/1.0/embedf30e]
[mosmedspravka.com/купить-справку-о-беременности-в-москв.html]
[mosmedspravka.com/wp-json/oembed/1.0/embedb809.json]
[mosmedspravka.com/wp-json/oembed/1.0/embed423e]
[mosmedspravka.com/купить-справку-из-травмпункта-в-москв.html]
[mosmedspravka.com/wp-json/oembed/1.0/embed4e87.json]
[mosmedspravka.com/wp-json/oembed/1.0/embedd16a]
[mosmedspravka.com/справка-на-маломерные-суда-купить-в-мо.html]
[mosmedspravka.com/wp-json/oembed/1.0/embedb425.json]
[mosmedspravka.com/wp-json/oembed/1.0/embed4228]
[mosmedspravka.com/купить-справку-донора-402-у-в-москве-с-дос.html]
[mosmedspravka.com/wp-json/oembed/1.0/embed029e.json]
[mosmedspravka.com/wp-json/oembed/1.0/embed5541]
[mosmedspravka.com/купить-справку-057-у-04-о-госпитализации-в-м.html]
[mosmedspravka.com/category/spravki/справки-для-отдыха/feed]
[i0.wp.com/mosmedspravka.com/wp-content/uploads/2019/01/kupit-spravku-082-u4cb6.jpg]
[mosmedspravka.com/купить-справку-079-у-для-лагеря-в-москве-с.html]
[i0.wp.com/mosmedspravka.com/wp-content/uploads/2019/01/kypit-spravky-079-u9dc2.jpg]
[mosmedspravka.com/купить-справку-076-у-санаторно-курортная.html]
[i2.wp.com/mosmedspravka.com/wp-content/uploads/2019/01/kypit-spravky-076-y1e89.jpg]
[i1.wp.com/mosmedspravka.com/wp-content/uploads/2019/01/sanatorno-kyrortnaya-karta-072y54e4.jpg]
[i0.wp.com/mosmedspravka.com/wp-content/uploads/2019/01/kypit-spravky-070-y-15091.jpg]
[mosmedspravka.com/category/spravki/справки-для-отдыха.html]
[mosmedspravka.com/wp-json/oembed/1.0/embed9fd6.json]
[mosmedspravka.com/wp-json/oembed/1.0/embed7763]
[mosmedspravka.com/купить-справку-070-у-для-получения-путев.html]
[mosmedspravka.com/wp-json/oembed/1.0/embed7c50.json]
[mosmedspravka.com/wp-json/oembed/1.0/embedd7f1]
[mosmedspravka.com/санаторно-курортная-карта-купить-в-мо.html]
[mosmedspravka.com/wp-json/oembed/1.0/embedc62e.json]
[mosmedspravka.com/wp-json/oembed/1.0/embedcdda]
[i2.wp.com/mosmedspravka.com/wp-content/uploads/2019/01/kypit-spravky-076-y-11e89.jpg]
[mosmedspravka.com/купить-справку-076-у-санаторно-курортна-2.html]
[mosmedspravka.com/wp-json/oembed/1.0/embed55d7.json]
[mosmedspravka.com/wp-json/oembed/1.0/embedb011]
[i0.wp.com/mosmedspravka.com/wp-content/uploads/2019/01/kypit-spravky-079-u-19dc2.jpg]
[mosmedspravka.com/купить-справку-079-у-для-лагеря-в-москве-с-2.html]
[mosmedspravka.com/wp-json/oembed/1.0/embed2f49.json]
[mosmedspravka.com/wp-json/oembed/1.0/embedf107]
[mosmedspravka.com/купить-справку-082-у-в-москве-для-выезда-з.html]
[mosmedspravka.com/купить-справку-086-у-без-прохождения-вра.html]
[mosmedspravka.com/category/spravki/справки-для-работы/feed]
[i1.wp.com/mosmedspravka.com/wp-content/uploads/2019/01/spravka-na-visoty-forma-40557da.jpg]
[i0.wp.com/mosmedspravka.com/wp-content/uploads/2019/01/kypit-spravky-989nfe1c.jpg]
[i1.wp.com/mosmedspravka.com/wp-content/uploads/2019/01/kypit-spravky-001-gsyd843.jpg]
[i0.wp.com/mosmedspravka.com/wp-content/uploads/2019/01/kypit-spravky-027-yc832.jpg]
[i1.wp.com/medik-pro.com/img/kypit-spravky-027-y5f14.jpg]
[i0.wp.com/mosmedspravka.com/wp-content/uploads/2019/01/kypit-pasport-zdorovyaff61.jpg]
[i2.wp.com/mosmedspravka.com/wp-content/uploads/2019/01/kypit-spravky-302-nd843.jpg]
[i2.wp.com/mosmedspravka.com/wp-content/uploads/2019/01/kypit-spravky-086-y4474.jpg]
[mosmedspravka.com/category/spravki/справки-для-работы.html]
[mosmedspravka.com/wp-json/oembed/1.0/embed2857.json]
[mosmedspravka.com/wp-json/oembed/1.0/embed6fbb]
[i0.wp.com/mosmedspravka.com/wp-content/uploads/2019/01/kypit-spravky-086-y-14474.jpg]
[mosmedspravka.com/купить-справку-086-у-без-прохождения-вра-2.html]
[mosmedspravka.com/wp-json/oembed/1.0/embedc62c.json]
[mosmedspravka.com/wp-json/oembed/1.0/embed4a9c]
[mosmedspravka.com/купить-справку-302-н-в-москве-с-доставкой.html]
[mosmedspravka.com/wp-json/oembed/1.0/embede1fb.json]
[mosmedspravka.com/wp-json/oembed/1.0/embed9512]
[mosmedspravka.com/купить-паспорт-здоровья-и-справку-302-в-м.html]
[mosmedspravka.com/wp-json/oembed/1.0/embed716a.json]
[mosmedspravka.com/wp-json/oembed/1.0/embed9aa1]
[mosmedspravka.com/справка-027-у-купить-в-москве-недорого-с-д.html]
[mosmedspravka.com/wp-json/oembed/1.0/embed36cf.json]
[mosmedspravka.com/wp-json/oembed/1.0/embed8429]
[mosmedspravka.com/купить-справку-001-гсу-в-москве-недорого.html]
[mosmedspravka.com/wp-json/oembed/1.0/embed7acb.json]
[mosmedspravka.com/wp-json/oembed/1.0/embed8ef7]
[mosmedspravka.com/купить-справку-989н-в-москве-без-прохожд.html]
[mosmedspravka.com/wp-json/oembed/1.0/embedb402.json]
[mosmedspravka.com/wp-json/oembed/1.0/embed70cc]
[mosmedspravka.com/справка-для-работы-на-высоте-форма-405-ку.html]
[mosmedspravka.com/category/spravki/справки-для-студентов/feed]
[i0.wp.com/mosmedspravka.com/wp-content/uploads/2019/01/kypit-akademicheskiy-otpusk5f2f.jpg]
[i0.wp.com/mosmedspravka.com/wp-content/uploads/2019/01/kypit-osvobojdenie-ot-fizkyltyriyd91c.jpg]
[i2.wp.com/mosmedspravka.com/wp-content/uploads/2019/01/spravka-095-y1293.jpg]
[mosmedspravka.com/category/spravki/справки-для-студентов.html]
[mosmedspravka.com/wp-json/oembed/1.0/embed26f8.json]
[mosmedspravka.com/wp-json/oembed/1.0/embed28d8]
[mosmedspravka.com/купить-справку-095-у-в-москве-недорого-с-д.html]
[mosmedspravka.com/wp-json/oembed/1.0/embedcb9c.json]
[mosmedspravka.com/wp-json/oembed/1.0/embed63b4]
[mosmedspravka.com/купить-освобождение-от-физкультуры-н.html]
[mosmedspravka.com/wp-json/oembed/1.0/embedeaa8.json]
[mosmedspravka.com/wp-json/oembed/1.0/embeda3bf]
[mosmedspravka.com/справка-для-выхода-из-академического.html]
[mosmedspravka.com/category/spravki/справки-для-детей/feed]
[i2.wp.com/mosmedspravka.com/wp-content/uploads/2019/01/spravka-v-arteka4c6.jpg]
[i2.wp.com/mosmedspravka.com/wp-content/uploads/2019/01/kypit-spravky-ot-ftiziatra9e4b.jpg]
[i0.wp.com/mosmedspravka.com/wp-content/uploads/2019/01/medicinskaya-karta-rebenka-kypit57da.jpg]
[mosmedspravka.com/category/spravki/справки-для-детей.html]
[mosmedspravka.com/wp-json/oembed/1.0/embedae05.json]
[mosmedspravka.com/wp-json/oembed/1.0/embed4c87]
[mosmedspravka.com/купить-медицинскую-карту-ребенка-в-мо.html]
[mosmedspravka.com/wp-json/oembed/1.0/embed0a01.json]
[mosmedspravka.com/wp-json/oembed/1.0/embed5d41]
[mosmedspravka.com/справка-манту-купить-в-москве-без-сдач.html]
[mosmedspravka.com/wp-json/oembed/1.0/embedd167.json]
[mosmedspravka.com/wp-json/oembed/1.0/embedfa9f]
[mosmedspravka.com/купить-справку-в-школу-по-болезни-с-дос.html]
[mosmedspravka.com/wp-json/oembed/1.0/embed8fff.json]
[mosmedspravka.com/wp-json/oembed/1.0/embed75c0]
[i1.wp.com/mosmedspravka.com/wp-content/uploads/2019/01/kypit-spravky-ot-pediatra-15a61.jpg]
[mosmedspravka.com/купить-справку-от-педиатра-в-детский-с.html]
[mosmedspravka.com/wp-json/oembed/1.0/embed51c2.json]
[mosmedspravka.com/wp-json/oembed/1.0/embedf79c]
[mosmedspravka.com/справка-в-артек-форма-159-у-02-купить-в-москв.html]
[mosmedspravka.com/category/spravki/справки-по-врачам/page/2.html]
[mosmedspravka.com/category/spravki/справки-по-врачам/feed]
[i1.wp.com/mosmedspravka.com/wp-content/uploads/2019/01/kypit-spravky-ot-stomatologa02b9.jpg]
[mosmedspravka.com/category/spravki/справки-по-врачам.html]
[mosmedspravka.com/wp-json/oembed/1.0/embede0d9.json]
[mosmedspravka.com/wp-json/oembed/1.0/embedbb9a]
[i0.wp.com/mosmedspravka.com/wp-content/uploads/2019/01/kypit-spravky-ot-pediatra5a61.jpg]
[mosmedspravka.com/справка-от-врача-в-свободной-форме-куп.html]
[mosmedspravka.com/wp-json/oembed/1.0/embedbfed.json]
[mosmedspravka.com/wp-json/oembed/1.0/embed1058]
[i1.wp.com/mosmedspravka.com/wp-content/uploads/2019/01/kypit-spravky-ot-ginekologaac29.jpg]
[mosmedspravka.com/купить-справку-от-гинеколога-с-анализ.html]
[mosmedspravka.com/wp-json/oembed/1.0/embedd004.json]
[mosmedspravka.com/wp-json/oembed/1.0/embedb72d]
[i2.wp.com/mosmedspravka.com/wp-content/uploads/2019/01/kypit-spravky-ot-ftiziatra-19e4b.jpg]
[mosmedspravka.com/купить-справку-от-фтизиатра-для-детск.html]
[mosmedspravka.com/wp-json/oembed/1.0/embed964c.json]
[mosmedspravka.com/wp-json/oembed/1.0/embed6563]
[i1.wp.com/mosmedspravka.com/wp-content/uploads/2019/01/spravka-ot-nevrologa98e8.jpg]
[mosmedspravka.com/купить-справку-от-окулиста-ребенку-в-ш.html]
[mosmedspravka.com/wp-json/oembed/1.0/embedd77d.json]
[mosmedspravka.com/wp-json/oembed/1.0/embed7990]
[i0.wp.com/mosmedspravka.com/wp-content/uploads/2019/01/spravka-iz-psihodispansera-kak-smart-obekt-16b8c.jpg]
[mosmedspravka.com/купить-справку-от-нарколога-и-психиат.html]
[mosmedspravka.com/wp-json/oembed/1.0/embed0888.json]
[mosmedspravka.com/wp-json/oembed/1.0/embedb141]
[mosmedspravka.com/купить-справку-от-стоматолога-о-санац.html]
[mosmedspravka.com/wp-json/oembed/1.0/embed48b5.json]
[mosmedspravka.com/wp-json/oembed/1.0/embedc96c]
[mosmedspravka.com/купить-справку-от-терапевта-о-состоян.html]
[mosmedspravka.com/wp-json/oembed/1.0/embede37a.json]
[mosmedspravka.com/wp-json/oembed/1.0/embedc414]
[mosmedspravka.com/купить-справку-от-невролога-в-москве-с.html]
[mosmedspravka.com/wp-json/oembed/1.0/embedc9b2.json]
[mosmedspravka.com/wp-json/oembed/1.0/embedd85d]
[mosmedspravka.com/купить-справку-от-хирурга-задним-числ.html]
[mosmedspravka.com/wp-json/oembed/1.0/embedd329.json]
[mosmedspravka.com/wp-json/oembed/1.0/embedc978]
[mosmedspravka.com/купить-справку-от-гастроэнтеролога-в.html]
[mosmedspravka.com/wp-json/oembed/1.0/embedfe40.json]
[mosmedspravka.com/wp-json/oembed/1.0/embedbe4c]
[mosmedspravka.com/купить-справку-от-травматолога.html]
[mosmedspravka.com/wp-json/oembed/1.0/embed7e21.json]
[mosmedspravka.com/wp-json/oembed/1.0/embed5584]
[mosmedspravka.com/купить-справку-от-аллерголога-в-москв.html]
[mosmedspravka.com/wp-json/oembed/1.0/embed3fc8.json]
[mosmedspravka.com/wp-json/oembed/1.0/embedac7b]
[mosmedspravka.com/справка-от-психолога-купить-в-москве-с.html]
[mosmedspravka.com/wp-json/oembed/1.0/embed1ca4.json]
[mosmedspravka.com/wp-json/oembed/1.0/embed2653]
[mosmedspravka.com/купить-справку-от-лора-в-москве.html]
[mosmedspravka.com/wp-json/oembed/1.0/embed04f1.json]
[mosmedspravka.com/wp-json/oembed/1.0/embed8414]
[mosmedspravka.com/гарантии.html]
[mosmedspravka.com/wp-json/oembed/1.0/embed6857.json]
[mosmedspravka.com/wp-json/oembed/1.0/embed52d8]
[i2.wp.com/medik-pro.com/img/dostavka9741.jpg]
[mosmedspravka.com/доставка.html]
[mosmedspravka.com/wp-json/oembed/1.0/embed0b01.json]
[mosmedspravka.com/wp-json/oembed/1.0/embed8785]
[mosmedspravka.com/contact-2.html]
[mosmedspravka.com/wp-json/oembed/1.0/embedee18.json]
[mosmedspravka.com/wp-json/oembed/1.0/embed63b7]
[mosmedspravka.com/купить-справку-от-дерматолога-в-москв.html]
[mosmedspravka.com/tag/выход-из-академ-отпуска/feed]
[mosmedspravka.com/tag/выход-из-академ-отпуска.html]
[mosmedspravka.com/tag/карта-ребенка-026-у-2000/feed]
[mosmedspravka.com/tag/карта-ребенка-026-у-2000.html]
[mosmedspravka.com/tag/медицинские-справки/feed]
[mosmedspravka.com/tag/медицинские-справки.html]
[mosmedspravka.com/tag/справки-для-детей/feed]
[mosmedspravka.com/tag/справки-для-детей.html]
[mosmedspravka.com/tag/справки-по-врачам/feed]
[mosmedspravka.com/tag/справки-по-врачам.html]
[mosmedspravka.com/tag/санаторная-карта-для-ребенка-076-у/feed]
[mosmedspravka.com/tag/санаторная-карта-для-ребенка-076-у.html]
[mosmedspravka.com/tag/санаторно-курортная-карта-076-у/feed]
[mosmedspravka.com/tag/санаторно-курортная-карта-076-у.html]
[mosmedspravka.com/tag/справка-001-гс-у-для-госслужбы/feed]
[mosmedspravka.com/tag/справка-001-гс-у-для-госслужбы.html]
[mosmedspravka.com/tag/справка-002-о-у-на-оружие/feed]
[mosmedspravka.com/tag/справка-002-о-у-на-оружие.html]
[mosmedspravka.com/tag/справка-003-в-у-для-прав/feed]
[mosmedspravka.com/tag/справка-003-в-у-для-прав.html]
[mosmedspravka.com/tag/справка-027-у-выписной-эпикриз/feed]
[mosmedspravka.com/tag/справка-027-у-выписной-эпикриз.html]
[mosmedspravka.com/tag/справка-046-1/feed]
[mosmedspravka.com/tag/справка-046-1.html]
[mosmedspravka.com/tag/справка-057-у-04-о-госпитализации/feed]
[mosmedspravka.com/tag/справка-057-у-04-о-госпитализации.html]
[mosmedspravka.com/tag/справка-079-у-для-лагеря/feed]
[mosmedspravka.com/tag/справка-079-у-для-лагеря.html]
[mosmedspravka.com/tag/справка-086-у-для-поступления/feed]
[mosmedspravka.com/tag/справка-086-у-для-поступления.html]
[mosmedspravka.com/tag/справка-086-у-для-устройства/feed]
[mosmedspravka.com/tag/справка-086-у-для-устройства.html]
[mosmedspravka.com/tag/справка-кэк/feed]
[mosmedspravka.com/tag/справка-кэк.html]
[mosmedspravka.com/tag/справка-пнд-и-нд/feed]
[mosmedspravka.com/tag/справка-пнд-и-нд.html]
[mosmedspravka.com/tag/справка-хти/feed]
[mosmedspravka.com/tag/справка-хти.html]
[mosmedspravka.com/tag/справка-в-артек-форма-159-у-02/feed]
[mosmedspravka.com/tag/справка-в-артек-форма-159-у-02.html]
[mosmedspravka.com/tag/справка-в-бассейн/feed]
[mosmedspravka.com/tag/справка-в-бассейн.html]
[mosmedspravka.com/tag/справка-в-детский-сад/feed]
[mosmedspravka.com/tag/справка-в-детский-сад.html]
[mosmedspravka.com/tag/справка-в-школу-о-болезни/feed]
[mosmedspravka.com/tag/справка-в-школу-о-болезни.html]
[mosmedspravka.com/tag/справка-для-выезда-за-границу-082-у/feed]
[mosmedspravka.com/tag/справка-для-выезда-за-границу-082-у.html]
[mosmedspravka.com/tag/справка-для-лагеря-079-у/feed]
[mosmedspravka.com/tag/справка-для-лагеря-079-у.html]
[mosmedspravka.com/tag/справка-для-получения-путевки-070-у/feed]
[mosmedspravka.com/tag/справка-для-получения-путевки-070-у.html]
[mosmedspravka.com/tag/справка-для-работы-на-высоте/feed]
[mosmedspravka.com/tag/справка-для-работы-на-высоте.html]
[mosmedspravka.com/tag/справка-из-травмпункта/feed]
[mosmedspravka.com/tag/справка-из-травмпункта.html]
[mosmedspravka.com/tag/справка-на-маломерные-суда/feed]
[mosmedspravka.com/tag/справка-на-маломерные-суда.html]
[mosmedspravka.com/tag/справка-о-беременности/feed]
[mosmedspravka.com/tag/справка-о-беременности.html]
[mosmedspravka.com/tag/справка-о-кодировании-от-алкоголизма/feed]
[mosmedspravka.com/tag/справка-о-кодировании-от-алкоголизма.html]
[mosmedspravka.com/tag/справка-о-контактах/feed]
[mosmedspravka.com/tag/справка-о-контактах.html]
[mosmedspravka.com/tag/справка-от-аллерголога/feed]
[mosmedspravka.com/tag/справка-от-аллерголога.html]
[mosmedspravka.com/tag/справка-от-гастроэнтеролога/feed]
[mosmedspravka.com/tag/справка-от-гастроэнтеролога.html]
[mosmedspravka.com/tag/справка-от-гинеколога/feed]
[mosmedspravka.com/tag/справка-от-гинеколога.html]
[mosmedspravka.com/tag/справка-от-дерматолога/feed]
[mosmedspravka.com/tag/справка-от-дерматолога.html]
[mosmedspravka.com/tag/справка-от-лора/feed]
[mosmedspravka.com/tag/справка-от-лора.html]
[mosmedspravka.com/tag/справка-от-нарколога-и-психиатра/feed]
[mosmedspravka.com/tag/справка-от-нарколога-и-психиатра.html]
[mosmedspravka.com/tag/справка-от-окулиста/feed]
[mosmedspravka.com/tag/справка-от-окулиста.html]
[mosmedspravka.com/tag/справка-от-педиатра/feed]
[mosmedspravka.com/tag/справка-от-педиатра.html]
[mosmedspravka.com/tag/справка-от-терапевта/feed]
[mosmedspravka.com/tag/справка-от-терапевта.html]
[mosmedspravka.com/tag/справка-от-травматолога/feed]
[mosmedspravka.com/tag/справка-от-травматолога.html]
[mosmedspravka.com/tag/справка-от-фтизиатра/feed]
[mosmedspravka.com/tag/справка-от-фтизиатра.html]
[mosmedspravka.com/tag/справка-от-хирурга/feed]
[mosmedspravka.com/tag/справка-от-хирурга.html]
[mosmedspravka.com/tag/справка-о-флюорографии/feed]
[mosmedspravka.com/tag/справка-о-флюорографии.html]
[mosmedspravka.com/wp-json/oembed/1.0/embedda7e.json]
[mosmedspravka.com/wp-json/oembed/1.0/embede3f3]
[mosmedspravka.com/купить-справку-кэк-в-москве-срочно-нед.html]
[mosmedspravka.com/wp-json/oembed/1.0/embed91a6.json]
[mosmedspravka.com/wp-json/oembed/1.0/embed4b50]
[mosmedspravka.com/справка-для-академического-отпуска-к.html]
[mosmedspravka.com/wp-json/oembed/1.0/embed8c7b.json]
[mosmedspravka.com/wp-json/oembed/1.0/embed1851]
[mosmedspravka.com/купить-справку-в-детский-сад-с-доставк.html]
[mosmedspravka.com/wp-content/uploads/otwbm/skins/otw-bm-list-1-custom5560.css]
[s0.wp.com/wp-content/js/devicepx-jetpackb66b.js]
[mosmedspravka.com/ABCDEFGHIJKLMNOPQRSTUVWXYZabcdefghijklmnopqrstuvwxyz0123456789+/index.html]
[pixel.wp.com/g9818.gif]
[secure.gravatar.com/js/gprofiles1c22.js]
[mosmedspravka.com/g.gif]
[mosmedspravka.com/c.gif]
[mosmedspravka.com/t.gif]
[stats.wp.com/e-201913.js]
[mosmedspravka.com/wp-content/plugins/otw-blog-manager/frontend/font/fontawesome-webfont.svg]
[mosmedspravka.com/wp-content/plugins/jetpack/_inc/genericons/genericons/Genericons.svg]
[mosmedspravka.com/category/spravki/page/2.html]
[mosmedspravka.com/category/spravki/page/3.html]
[mosmedspravka.com/category/spravki/page/6.html]
[mosmedspravka.com/category/spravki/meditsinkie-spravki/page/2.html]
[mosmedspravka.com/category/spravki/page/5.html]
[mosmedspravka.com/wp-content/plugins/jetpack/_inc/social-logos/social-logos6de4.eot]
[mosmedspravka.com/wp-content/plugins/jetpack/_inc/social-logos/social-logosd41d.eot]
[mosmedspravka.com/wp-content/plugins/jetpack/_inc/social-logos/social-logos6de4.ttf]
[mosmedspravka.com/wp-content/plugins/jetpack/_inc/social-logos/social-logos.min68b3.css]
[mosmedspravka.com/tag/академический-отпуск/feed]
[mosmedspravka.com/tag/академический-отпуск.html]
[mosmedspravka.com/tag/освобождение-от-физкультуры/feed]
[mosmedspravka.com/tag/освобождение-от-физкультуры.html]
[mosmedspravka.com/tag/паспорт-здоровья/feed]
[mosmedspravka.com/tag/паспорт-здоровья.html]
[mosmedspravka.com/tag/санаторно-курортная-карта-072-у/feed]
[mosmedspravka.com/tag/санаторно-курортная-карта-072-у.html]
[mosmedspravka.com/tag/справка-095-у-о-болезни/feed]
[mosmedspravka.com/tag/справка-095-у-о-болезни.html]
[mosmedspravka.com/tag/справка-302н-для-устройства/feed]
[mosmedspravka.com/tag/справка-302н-для-устройства.html]
[mosmedspravka.com/tag/справка-989н-для-гостайны/feed]
[mosmedspravka.com/tag/справка-989н-для-гостайны.html]
[mosmedspravka.com/tag/справка-в-свободной-форме/feed]
[mosmedspravka.com/tag/справка-в-свободной-форме.html]
[mosmedspravka.com/tag/справка-донора-форма-402-у/feed]
[mosmedspravka.com/tag/справка-донора-форма-402-у.html]
[mosmedspravka.com/tag/справка-от-невролога/feed]
[mosmedspravka.com/tag/справка-от-невролога.html]
[mosmedspravka.com/tag/справка-от-психолога/feed]
[mosmedspravka.com/tag/справка-от-психолога.html]
[mosmedspravka.com/tag/справка-от-стоматолога/feed]
[mosmedspravka.com/tag/справка-от-стоматолога.html]
[mosmedspravka.com/tag/справка-реакция-манту/feed]
[mosmedspravka.com/tag/справка-реакция-манту.html]
[mosmedspravka.com/tag/справки-для-отдыха/feed]
[mosmedspravka.com/tag/справки-для-отдыха.html]
[mosmedspravka.com/tag/справки-для-работы/feed]
[mosmedspravka.com/tag/справки-для-работы.html]
[mosmedspravka.com/tag/справки-для-студентов/feed]
[mosmedspravka.com/tag/справки-для-студентов.html]
[mosmedspravka.com/wp-json/oembed/1.0/embedda30.json]
[mosmedspravka.com/wp-json/oembed/1.0/embed31a4]
[i2.wp.com/mosmedspravka.com/wp-content/uploads/2018/12/лист-официально9492.jpg]
[mosmedspravka.com/category/uncategorized.html]
[mosmedspravka.com/заказать-больничный-лист-официально.html]
[mosmedspravka.com/about-us-2.html]
[mosmedspravka.com/wp-json/oembed/1.0/embedf7d0.json]
[mosmedspravka.com/wp-json/oembed/1.0/embed0f13]
[mosmedspravka.com/купить-справку-079-у-для-лагеря-в-москве-с.html]
[mosmedspravka.com/wp-json/oembed/1.0/embed95cf.json]
[mosmedspravka.com/wp-json/oembed/1.0/embed34a9]
[mosmedspravka.com/купить-справку-076-у-санаторно-курортная.html]
[mosmedspravka.com/wp-json/oembed/1.0/embedf76d.json]
[mosmedspravka.com/wp-json/oembed/1.0/embede565]
[mosmedspravka.com/купить-справку-086-у-без-прохождения-вра.html]
[i0.wp.com/medik-pro.com/wp-content/uploads/2018/06/spravka-dlya-vihoda-iz-akadema5f14.html]
[mosmedspravka.com/category/spravki/справки-по-врачам/page/2.html]
[mosmedspravka.com/ABCDEFGHIJKLMNOPQRSTUVWXYZabcdefghijklmnopqrstuvwxyz0123456789+/index.html]
[mosmedspravka.com/g.html]
[mosmedspravka.com/c.html]
[mosmedspravka.com/t.html]
[mosmedspravka.com/category/spravki/page/3.html]
[mosmedspravka.com/category/spravki/index.html]
[mosmedspravka.com/category/spravki/page/5.html]
[mosmedspravka.com/category/spravki/meditsinkie-spravki/index.html]
[mosmedspravka.com/category/spravki/page/4.html]
[mosmedspravka.com/category/uncategorized/feed]
[i0.wp.com/mosmedspravka.com/wp-content/uploads/2015/12/doctor-563429_1921ea54.jpg]
[mosmedspravka.com/category/uncategorized.html]
[mosmedspravka.com/wp-json/oembed/1.0/embed3879.json]
[mosmedspravka.com/wp-json/oembed/1.0/embedc36b]
[mosmedspravka.com/about-us-2.html]
[mosmedspravka.com/category/spravki/page/4.html]
