[preview.codecanyon.net/item/gear-html5-audio-player/full_screen_preview/7724112000c.html]
[backblue.gif]
[fade.gif]
[index.html]
[public-assets.envato-static.com/assets/market/core/index-82ef8ec85ef4fe4d64d82c1a0482126f3e45008e84d3aa9d89938d1b81791e1b.css]
[public-assets.envato-static.com/assets/market/pages/preview/index-004d35cdd5d555cdd3e956d1b916825642de06529f0fe91fd9f390813761d2fc.css]
[public-assets.envato-static.com/icons/codecanyon.net/apple-touch-icon-72x72-precomposed.png]
[public-assets.envato-static.com/icons/codecanyon.net/apple-touch-icon-114x114-precomposed.png]
[public-assets.envato-static.com/icons/codecanyon.net/apple-touch-icon-144x144-precomposed.png]
[public-assets.envato-static.com/icons/codecanyon.net/apple-touch-icon-precomposed.png]
[public-assets.envato-static.com/assets/market/pages/full_screen_preview/index-12e66d37dd6c1db6ed91e7082e89ba9199cc383f24ec4f3cbd4ca469daf998b9.js]
[consent.cookiebot.com/uc.js]
[www.google-analytics.com/analytics.js]
[preview.codecanyon.net/item/gear-html5-audio-player/full_screen_preview/7724112000c.html]
[preview.codecanyon.net/item/gear-html5-audio-player/full_screen_preview/&quot;http_/notes.envato.com/envatos-most-wanted/winners-audio-players/&quot...html]
[public-assets.envato-static.com/assets/common/pagination_loader-7fb337642f4cde133550f90749ee6eeb94b0d56dce6ae041cacc18c2bae22699.gif]
[public-assets.envato-static.com/assets/market/core/index-82ef8ec85ef4fe4d64d82c1a0482126f3e45008e84d3aa9d89938d1b81791e1b.css]
[public-assets.envato-static.com/assets/market/pages/preview/index-004d35cdd5d555cdd3e956d1b916825642de06529f0fe91fd9f390813761d2fc.css]
[preview.codecanyon.net/item/gear-html5-audio-player/full_screen_preview/linkid.html]
[www.googletagmanager.com/gtm5445.html]
