[preev.com/index.html]
[backblue.gif]
[fade.gif]
[index.html]
[preev.com/btc/usd.html]
[preev.com/ltc/usd.html]
[preev.com/xdg/usd.html]
[preev.com/btc/eur.html]
[preev.com/btc/gbp.html]
[preev.com/btc/cad.html]
[preev.com/btc/aud.html]
[preev.com/btc/sek.html]
[preev.com/btc/aed.html]
[preev.com/btc/all.html]
[preev.com/btc/ars.html]
[preev.com/btc/bgn.html]
[preev.com/btc/brl.html]
[preev.com/btc/bsd.html]
[preev.com/btc/btc.html]
[preev.com/btc/chf.html]
[preev.com/btc/clp.html]
[preev.com/btc/cny.html]
[preev.com/btc/cop.html]
[preev.com/btc/crc.html]
[preev.com/btc/cuc.html]
[preev.com/btc/cup.html]
[preev.com/btc/czk.html]
[preev.com/btc/dkk.html]
[preev.com/btc/dop.html]
[preev.com/btc/egp.html]
[preev.com/btc/hkd.html]
[preev.com/btc/hrk.html]
[preev.com/btc/huf.html]
[preev.com/btc/idr.html]
[preev.com/btc/ils.html]
[preev.com/btc/inr.html]
[preev.com/btc/irr.html]
[preev.com/btc/isk.html]
[preev.com/btc/jmd.html]
[preev.com/btc/jod.html]
[preev.com/btc/jpy.html]
[preev.com/btc/khr.html]
[preev.com/btc/krw.html]
[preev.com/btc/kzt.html]
[preev.com/btc/lak.html]
[preev.com/btc/ltc.html]
[preev.com/btc/mad.html]
[preev.com/btc/mop.html]
[preev.com/btc/mxn.html]
[preev.com/btc/myr.html]
[preev.com/btc/ngn.html]
[preev.com/btc/nok.html]
[preev.com/btc/nzd.html]
[preev.com/btc/pen.html]
[preev.com/btc/php.html]
[preev.com/btc/pkr.html]
[preev.com/btc/pln.html]
[preev.com/btc/qar.html]
[preev.com/btc/ron.html]
[preev.com/btc/rub.html]
[preev.com/btc/sar.html]
[preev.com/btc/sgd.html]
[preev.com/btc/thb.html]
[preev.com/btc/tnd.html]
[preev.com/btc/try.html]
[preev.com/btc/twd.html]
[preev.com/btc/uah.html]
[preev.com/btc/uyu.html]
[preev.com/btc/vef.html]
[preev.com/btc/vnd.html]
[preev.com/btc/xag.html]
[preev.com/btc/xau.html]
[preev.com/btc/xcd.html]
[preev.com/btc/xdg.html]
[preev.com/index.html]
[preev.com/btc/xpd.html]
[preev.com/btc/usd.html]
[preev.com/ltc/usd.html]
[preev.com/xdg/usd.html]
[preev.com/btc/eur.html]
[preev.com/btc/gbp.html]
[preev.com/btc/cad.html]
[preev.com/btc/aud.html]
[preev.com/btc/sek.html]
[preev.com/btc/xpt.html]
[preev.com/btc/aed.html]
[preev.com/btc/all.html]
[preev.com/btc/ars.html]
[preev.com/btc/bgn.html]
[preev.com/learn.html]
[preev.com/btc/zar.html]
[preev.com/btc/brl.html]
[preev.com/btc/bsd.html]
[preev.com/btc/btc.html]
[preev.com/btc/chf.html]
[preev.com/btc/clp.html]
[preev.com/btc/cny.html]
[preev.com/btc/cop.html]
[preev.com/btc/crc.html]
[preev.com/btc/cuc.html]
[preev.com/btc/cup.html]
[preev.com/btc/czk.html]
[preev.com/btc/dkk.html]
[preev.com/btc/dop.html]
[preev.com/btc/egp.html]
[preev.com/btc/hkd.html]
[preev.com/btc/hrk.html]
[preev.com/btc/huf.html]
[preev.com/btc/idr.html]
[preev.com/btc/ils.html]
[preev.com/btc/inr.html]
[preev.com/btc/irr.html]
[preev.com/btc/isk.html]
[preev.com/btc/jmd.html]
[preev.com/btc/jod.html]
[preev.com/btc/jpy.html]
[preev.com/btc/khr.html]
[preev.com/btc/krw.html]
[preev.com/btc/kzt.html]
[preev.com/btc/lak.html]
[preev.com/btc/ltc.html]
[preev.com/btc/mad.html]
[preev.com/btc/mop.html]
[preev.com/btc/mxn.html]
[preev.com/btc/myr.html]
[preev.com/btc/ngn.html]
[preev.com/btc/nok.html]
[preev.com/btc/nzd.html]
[preev.com/btc/pen.html]
[preev.com/btc/php.html]
[preev.com/btc/pkr.html]
[preev.com/btc/pln.html]
[preev.com/btc/qar.html]
[preev.com/btc/ron.html]
[preev.com/btc/rub.html]
[preev.com/btc/sar.html]
[preev.com/btc/sgd.html]
[preev.com/btc/thb.html]
[preev.com/btc/tnd.html]
[preev.com/btc/try.html]
[preev.com/btc/twd.html]
[preev.com/btc/uah.html]
[preev.com/btc/uyu.html]
[preev.com/btc/vef.html]
[preev.com/btc/vnd.html]
[preev.com/btc/xag.html]
[preev.com/btc/xau.html]
[preev.com/btc/xcd.html]
[preev.com/btc/xdg.html]
[preev.com/btc/xpd.html]
[preev.com/btc/xpt.html]
[preev.com/btc/zar.html]
[preev.com/learn.html]
